// Jest Snapshot v1, https://goo.gl/fbAQLP

exports[`Exchange Summary should render demo summary correctly 1`] = `<DemoSummary />`;

exports[`Exchange Summary should render summary correctly 1`] = `
<Exchange__Wrapper>
  <Exchange__Title>
    <FormattedMessage
      defaultMessage="Summary"
      id="scenes.exchange.exchangeform.summary.title"
      values={Object {}}
    />
  </Exchange__Title>
  <Connect(Volume)
    currency="$"
    sourceCoin="BTC"
    targetCoin="ETH"
  />
  <Exchange__Note>
    <FormattedMessage
      defaultMessage="All amounts are correct at this time but may change depending on the market price and network congestion at the time of your transaction."
      id="scenes.exchange.exchangeform.summary.note"
      values={Object {}}
    />
  </Exchange__Note>
  <Connect(RatesBox)
    currency="$"
    sourceCoin="BTC"
    targetCoin="ETH"
  />
</Exchange__Wrapper>
`;
